W0402 18:21:34.048000 304228 .venv/lib/python3.12/site-packages/torch/distributed/run.py:852] 
W0402 18:21:34.048000 304228 .venv/lib/python3.12/site-packages/torch/distributed/run.py:852] *****************************************
W0402 18:21:34.048000 304228 .venv/lib/python3.12/site-packages/torch/distributed/run.py:852] Setting OMP_NUM_THREADS environment variable for each process to be 1 in default, to avoid your system being overloaded, please further tune the variable for optimal performance in your application as needed. 
W0402 18:21:34.048000 304228 .venv/lib/python3.12/site-packages/torch/distributed/run.py:852] *****************************************
[W402 18:21:42.764930093 Context.cpp:534] Warning: torch.backends.cuda.preferred_blas_library is an experimental feature. If you see any error or unexpected behavior when this flag is set please file an issue on GitHub. (function operator())
[W402 18:21:42.764930780 Context.cpp:534] Warning: torch.backends.cuda.preferred_blas_library is an experimental feature. If you see any error or unexpected behavior when this flag is set please file an issue on GitHub. (function operator())
[W402 18:21:42.764940447 Context.cpp:534] Warning: torch.backends.cuda.preferred_blas_library is an experimental feature. If you see any error or unexpected behavior when this flag is set please file an issue on GitHub. (function operator())
[W402 18:21:42.764953125 Context.cpp:534] Warning: torch.backends.cuda.preferred_blas_library is an experimental feature. If you see any error or unexpected behavior when this flag is set please file an issue on GitHub. (function operator())
[W402 18:21:42.765041062 Context.cpp:534] Warning: torch.backends.cuda.preferred_blas_library is an experimental feature. If you see any error or unexpected behavior when this flag is set please file an issue on GitHub. (function operator())
[W402 18:21:42.765261563 Context.cpp:534] Warning: torch.backends.cuda.preferred_blas_library is an experimental feature. If you see any error or unexpected behavior when this flag is set please file an issue on GitHub. (function operator())
[W402 18:21:42.781384180 Context.cpp:534] Warning: torch.backends.cuda.preferred_blas_library is an experimental feature. If you see any error or unexpected behavior when this flag is set please file an issue on GitHub. (function operator())
[W402 18:21:42.845792148 Context.cpp:534] Warning: torch.backends.cuda.preferred_blas_library is an experimental feature. If you see any error or unexpected behavior when this flag is set please file an issue on GitHub. (function operator())
ddp_world_size=8 data_mode=parquet amp_bf16=True bucket_cap_mb=25.0 static_graph=off learning_rate=0.001 bias_update_rate=0.0 gradient_checkpointing=(global=False, sanity=False)
step  global_ce  sanity_ce  |ce|  global_loss  sanity_loss  |loss|  logits_max  grad_max  param_max  opt_max  mismatched_selected
   0  12.116816  12.116816  0.000000    12.116948    12.116948  0.000000    0.000000  8.61e-05      0.002  8.61e-06       0
      worst_grad=embed
      worst_param=embed
      worst_opt=embed:exp_avg
      mismatches_by_layer(local_rank0)=[0, 0, 0, 0]
  25   8.045376   8.041161  0.004215     8.045524     8.041310  0.004213    0.000000    0.0151     0.0244    0.015  109150
      worst_grad=embed
      worst_param=mlp_gate_up
      worst_opt=embed:exp_avg
      mismatches_by_layer(local_rank0)=[2696, 3072, 3636, 4096]
  50   7.853281   7.860325  0.007044     7.853422     7.860457  0.007035    0.000000    0.0185     0.0487  0.00567  127258
      worst_grad=embed
      worst_param=mlp_down
      worst_opt=embed:exp_avg
      mismatches_by_layer(local_rank0)=[4036, 4091, 3622, 4091]
  75   7.829677   7.844802  0.015125     7.829805     7.844930  0.015124    0.000000    0.0205     0.0827   0.0054  117261
      worst_grad=embed
      worst_param=mlp_down
      worst_opt=embed:exp_avg
      mismatches_by_layer(local_rank0)=[3255, 4080, 3306, 4058]
 100   7.669335   7.727777  0.058442     7.669454     7.727899  0.058444    0.000000    0.0421      0.103  0.00931  115031
      worst_grad=embed
      worst_param=mlp_down
      worst_opt=embed:exp_avg
      mismatches_by_layer(local_rank0)=[3356, 3911, 3177, 3915]
 125   7.649393   7.701946  0.052553     7.649513     7.702064  0.052551    0.000000    0.0485      0.131   0.0136  121708
      worst_grad=embed
      worst_param=mlp_down
      worst_opt=embed:exp_avg
      mismatches_by_layer(local_rank0)=[3838, 3934, 3343, 4096]
 150   7.440900   7.542171  0.101271     7.441016     7.542285  0.101269    0.000000    0.0813      0.153   0.0138  122221
      worst_grad=embed
      worst_param=mlp_down
      worst_opt=embed:exp_avg
      mismatches_by_layer(local_rank0)=[3675, 4067, 3580, 3977]
 175   7.450389   7.524510  0.074121     7.450502     7.524624  0.074121    0.000000     0.101      0.172   0.0232  121506
      worst_grad=embed
      worst_param=mlp_down
      worst_opt=embed:exp_avg
      mismatches_by_layer(local_rank0)=[3769, 4061, 3816, 3714]
 200   7.379155   7.448991  0.069837     7.379266     7.449102  0.069836    0.000000      0.14      0.203   0.0153  123696
      worst_grad=embed
      worst_param=mlp_down
      worst_opt=embed:exp_avg
      mismatches_by_layer(local_rank0)=[3790, 3993, 3733, 4015]
 225   7.542514   7.602695  0.060181     7.542625     7.602807  0.060181    0.000000    0.0805      0.233   0.0158  126055
      worst_grad=embed
      worst_param=mlp_down
      worst_opt=embed:exp_avg
      mismatches_by_layer(local_rank0)=[3793, 3999, 3827, 4073]
 250   7.332194   7.411210  0.079016     7.332302     7.411316  0.079014    0.000000     0.149      0.261   0.0243  124174
      worst_grad=embed
      worst_param=mlp_down
      worst_opt=embed:exp_avg
      mismatches_by_layer(local_rank0)=[3707, 4080, 3865, 3853]
 275   7.436342   7.512211  0.075869     7.436450     7.512317  0.075867    0.000000     0.167      0.287   0.0355  124979
      worst_grad=embed
      worst_param=mlp_down
      worst_opt=embed:exp_avg
      mismatches_by_layer(local_rank0)=[3878, 4057, 3993, 3656]
 299   7.340086   7.390630  0.050544     7.340193     7.390735  0.050542    0.000000    0.0983      0.312   0.0295  125968
      worst_grad=embed
      worst_param=mlp_down
      worst_opt=final_norm:exp_avg
      mismatches_by_layer(local_rank0)=[3788, 4045, 3956, 3921]
summary max_ce_diff=0.683054@step12 max_loss_diff=0.683065@step12
