W0402 18:28:27.191000 317934 .venv/lib/python3.12/site-packages/torch/distributed/run.py:852] 
W0402 18:28:27.191000 317934 .venv/lib/python3.12/site-packages/torch/distributed/run.py:852] *****************************************
W0402 18:28:27.191000 317934 .venv/lib/python3.12/site-packages/torch/distributed/run.py:852] Setting OMP_NUM_THREADS environment variable for each process to be 1 in default, to avoid your system being overloaded, please further tune the variable for optimal performance in your application as needed. 
W0402 18:28:27.191000 317934 .venv/lib/python3.12/site-packages/torch/distributed/run.py:852] *****************************************
[W402 18:28:38.260808892 Context.cpp:534] Warning: torch.backends.cuda.preferred_blas_library is an experimental feature. If you see any error or unexpected behavior when this flag is set please file an issue on GitHub. (function operator())
[W402 18:28:39.597462373 Context.cpp:534] Warning: torch.backends.cuda.preferred_blas_library is an experimental feature. If you see any error or unexpected behavior when this flag is set please file an issue on GitHub. (function operator())
[W402 18:28:39.599993864 Context.cpp:534] Warning: torch.backends.cuda.preferred_blas_library is an experimental feature. If you see any error or unexpected behavior when this flag is set please file an issue on GitHub. (function operator())
[W402 18:28:39.617978915 Context.cpp:534] Warning: torch.backends.cuda.preferred_blas_library is an experimental feature. If you see any error or unexpected behavior when this flag is set please file an issue on GitHub. (function operator())
[W402 18:28:39.701347470 Context.cpp:534] Warning: torch.backends.cuda.preferred_blas_library is an experimental feature. If you see any error or unexpected behavior when this flag is set please file an issue on GitHub. (function operator())
[W402 18:28:39.718318473 Context.cpp:534] Warning: torch.backends.cuda.preferred_blas_library is an experimental feature. If you see any error or unexpected behavior when this flag is set please file an issue on GitHub. (function operator())
[W402 18:28:39.772154212 Context.cpp:534] Warning: torch.backends.cuda.preferred_blas_library is an experimental feature. If you see any error or unexpected behavior when this flag is set please file an issue on GitHub. (function operator())
[W402 18:28:39.775444304 Context.cpp:534] Warning: torch.backends.cuda.preferred_blas_library is an experimental feature. If you see any error or unexpected behavior when this flag is set please file an issue on GitHub. (function operator())
ddp_world_size=8 data_mode=parquet amp_bf16=True bucket_cap_mb=25.0 static_graph=off learning_rate=0.001 bias_update_rate=0.001 gradient_checkpointing=(global=False, sanity=False)
step  global_ce  sanity_ce  |ce|  global_loss  sanity_loss  |loss|  logits_max  grad_max  param_max  opt_max  mismatched_selected
   0  12.117006  12.117167  0.000161    12.117139    12.117301  0.000162    0.000000  0.000765      0.002  7.65e-05    1001
      worst_grad=embed
      worst_param=embed
      worst_opt=embed:exp_avg
      mismatches_by_layer(local_rank0)=[4, 13, 59, 86]
   5   8.497728   8.496054  0.001675     8.497899     8.496227  0.001672    0.000000   0.00753     0.0102  0.000691   22736
      worst_grad=embed
      worst_param=mlp_gate_up
      worst_opt=embed:exp_avg
      mismatches_by_layer(local_rank0)=[735, 39, 2048, 0]
  10   8.155893   8.162768  0.006875     8.156060     8.162936  0.006876    0.000000   0.00744      0.015  0.000806   76360
      worst_grad=embed
      worst_param=mlp_down
      worst_opt=embed:exp_avg
      mismatches_by_layer(local_rank0)=[2388, 1997, 3170, 2014]
  15   7.946272   7.939177  0.007095     7.946433     7.939337  0.007096    0.000000    0.0198      0.022  0.00958   43054
      worst_grad=embed
      worst_param=mlp_down
      worst_opt=embed:exp_avg
      mismatches_by_layer(local_rank0)=[284, 1023, 4096, 37]
  20   8.157344   8.149547  0.007797     8.157500     8.149706  0.007794    0.000000    0.0161     0.0256  0.00598   46380
      worst_grad=embed
      worst_param=mlp_down
      worst_opt=embed:exp_avg
      mismatches_by_layer(local_rank0)=[14, 1500, 4096, 6]
  25   8.040421   8.040038  0.000382     8.040566     8.040190  0.000377    0.000000    0.0171     0.0283  0.00421  113527
      worst_grad=embed
      worst_param=mlp_down
      worst_opt=embed:exp_avg
      mismatches_by_layer(local_rank0)=[2308, 4096, 4095, 3933]
  29   7.906707   7.894142  0.012565     7.906848     7.894289  0.012559    0.000000    0.0274     0.0299  0.00493  100646
      worst_grad=embed
      worst_param=mlp_down
      worst_opt=embed:exp_avg
      mismatches_by_layer(local_rank0)=[2501, 4096, 3853, 2198]
summary max_ce_diff=0.180929@step12 max_loss_diff=0.180935@step12
