W0402 18:34:33.221000 330341 .venv/lib/python3.12/site-packages/torch/distributed/run.py:852] 
W0402 18:34:33.221000 330341 .venv/lib/python3.12/site-packages/torch/distributed/run.py:852] *****************************************
W0402 18:34:33.221000 330341 .venv/lib/python3.12/site-packages/torch/distributed/run.py:852] Setting OMP_NUM_THREADS environment variable for each process to be 1 in default, to avoid your system being overloaded, please further tune the variable for optimal performance in your application as needed. 
W0402 18:34:33.221000 330341 .venv/lib/python3.12/site-packages/torch/distributed/run.py:852] *****************************************
[W402 18:34:41.749517113 Context.cpp:534] Warning: torch.backends.cuda.preferred_blas_library is an experimental feature. If you see any error or unexpected behavior when this flag is set please file an issue on GitHub. (function operator())
[W402 18:34:41.749562831 Context.cpp:534] Warning: torch.backends.cuda.preferred_blas_library is an experimental feature. If you see any error or unexpected behavior when this flag is set please file an issue on GitHub. (function operator())
[W402 18:34:41.749563383 Context.cpp:534] Warning: torch.backends.cuda.preferred_blas_library is an experimental feature. If you see any error or unexpected behavior when this flag is set please file an issue on GitHub. (function operator())
[W402 18:34:41.749575970 Context.cpp:534] Warning: torch.backends.cuda.preferred_blas_library is an experimental feature. If you see any error or unexpected behavior when this flag is set please file an issue on GitHub. (function operator())
[W402 18:34:41.749578415 Context.cpp:534] Warning: torch.backends.cuda.preferred_blas_library is an experimental feature. If you see any error or unexpected behavior when this flag is set please file an issue on GitHub. (function operator())
[W402 18:34:41.749666581 Context.cpp:534] Warning: torch.backends.cuda.preferred_blas_library is an experimental feature. If you see any error or unexpected behavior when this flag is set please file an issue on GitHub. (function operator())
[W402 18:34:41.749763023 Context.cpp:534] Warning: torch.backends.cuda.preferred_blas_library is an experimental feature. If you see any error or unexpected behavior when this flag is set please file an issue on GitHub. (function operator())
[W402 18:34:41.766174547 Context.cpp:534] Warning: torch.backends.cuda.preferred_blas_library is an experimental feature. If you see any error or unexpected behavior when this flag is set please file an issue on GitHub. (function operator())
ddp_world_size=8 data_mode=parquet amp_bf16=True bucket_cap_mb=25.0 static_graph=off learning_rate=0.001 bias_update_rate=0.001 gradient_checkpointing=(global=True, sanity=True)
step  global_ce  sanity_ce  |ce|  global_loss  sanity_loss  |loss|  logits_max  grad_max  param_max  opt_max  mismatched_selected
`use_cache=True` is incompatible with gradient checkpointing. Setting `use_cache=False`.
`use_cache=True` is incompatible with gradient checkpointing. Setting `use_cache=False`.
`use_cache=True` is incompatible with gradient checkpointing. Setting `use_cache=False`.
`use_cache=True` is incompatible with gradient checkpointing. Setting `use_cache=False`.
`use_cache=True` is incompatible with gradient checkpointing. Setting `use_cache=False`.
`use_cache=True` is incompatible with gradient checkpointing. Setting `use_cache=False`.
`use_cache=True` is incompatible with gradient checkpointing. Setting `use_cache=False`.
`use_cache=True` is incompatible with gradient checkpointing. Setting `use_cache=False`.
   0  12.116816  12.116816  0.000000    12.116948    12.116948  0.000000    0.000000  8.42e-05      0.002  8.42e-06       0
      worst_grad=embed
      worst_param=embed
      worst_opt=embed:exp_avg
      mismatches_by_layer(local_rank0)=[0, 0, 0, 0]
  10   8.154799   8.162623  0.007825     8.154967     8.162790  0.007823    0.000000    0.0113     0.0132  0.00597   49449
      worst_grad=embed
      worst_param=mlp_gate_up
      worst_opt=embed:exp_avg
      mismatches_by_layer(local_rank0)=[1327, 16, 4090, 904]
  20   8.172827   8.171358  0.001469     8.172977     8.171508  0.001470    0.000000    0.0571      0.026    0.163  106132
      worst_grad=embed
      worst_param=layer0.mlp_gate_bias
      worst_opt=embed:exp_avg_sq
      mismatches_by_layer(local_rank0)=[2478, 4095, 3379, 3072]
  30   8.127502   8.109225  0.018277     8.127648     8.109381  0.018268    0.000000    0.0505      0.044   0.0972  121483
      worst_grad=embed
      worst_param=layer0.mlp_gate_bias
      worst_opt=embed:exp_avg_sq
      mismatches_by_layer(local_rank0)=[3721, 4087, 3226, 4096]
  40   7.829865   7.831176  0.001311     7.830006     7.831326  0.001320    0.000000    0.0511      0.064   0.0582  121703
      worst_grad=embed
      worst_param=layer0.mlp_gate_bias
      worst_opt=embed:exp_avg_sq
      mismatches_by_layer(local_rank0)=[4085, 4095, 3320, 3824]
  50   7.882862   7.898018  0.015156     7.883003     7.898161  0.015158    0.000000     0.046      0.074   0.0347  126488
      worst_grad=embed
      worst_param=layer0.mlp_gate_bias
      worst_opt=embed:exp_avg_sq
      mismatches_by_layer(local_rank0)=[4091, 3605, 3942, 4088]
  60   8.149323   8.013390  0.135933     8.149465     8.013531  0.135934    0.000000     0.155       0.09   0.0207  124166
      worst_grad=embed
      worst_param=layer0.mlp_gate_bias
      worst_opt=embed:exp_avg_sq
      mismatches_by_layer(local_rank0)=[4095, 4096, 4096, 3092]
  70   7.819434   7.840731  0.021297     7.819572     7.840877  0.021305    0.000000    0.0642      0.102   0.0261  120174
      worst_grad=embed
      worst_param=layer0.mlp_gate_bias
      worst_opt=embed:exp_avg
      mismatches_by_layer(local_rank0)=[3969, 4096, 3267, 3780]
  80   7.759694   7.800668  0.040974     7.759832     7.800811  0.040978    0.000000    0.0839      0.108   0.0139  124823
      worst_grad=embed
      worst_param=layer0.mlp_gate_bias
      worst_opt=embed:exp_avg
      mismatches_by_layer(local_rank0)=[4089, 4068, 4035, 3449]
  90   7.885574   8.008425  0.122851     7.885709     8.008564  0.122855    0.000000     0.117      0.108   0.0218  127650
      worst_grad=embed
      worst_param=layer0.mlp_gate_bias
      worst_opt=embed:exp_avg
      mismatches_by_layer(local_rank0)=[4088, 4096, 4095, 3647]
  99   7.858865   8.096408  0.237543     7.858994     8.096544  0.237550    0.000000      0.25      0.114   0.0401  129003
      worst_grad=embed
      worst_param=layer0.mlp_gate_bias
      worst_opt=embed:exp_avg
      mismatches_by_layer(local_rank0)=[4077, 4096, 4075, 3938]
summary max_ce_diff=3.154278@step12 max_loss_diff=3.154270@step12
