W0402 18:45:11.320000 350370 .venv/lib/python3.12/site-packages/torch/distributed/run.py:852] 
W0402 18:45:11.320000 350370 .venv/lib/python3.12/site-packages/torch/distributed/run.py:852] *****************************************
W0402 18:45:11.320000 350370 .venv/lib/python3.12/site-packages/torch/distributed/run.py:852] Setting OMP_NUM_THREADS environment variable for each process to be 1 in default, to avoid your system being overloaded, please further tune the variable for optimal performance in your application as needed. 
W0402 18:45:11.320000 350370 .venv/lib/python3.12/site-packages/torch/distributed/run.py:852] *****************************************
[W402 18:45:19.025314228 Context.cpp:534] Warning: torch.backends.cuda.preferred_blas_library is an experimental feature. If you see any error or unexpected behavior when this flag is set please file an issue on GitHub. (function operator())
[W402 18:45:19.025331799 Context.cpp:534] Warning: torch.backends.cuda.preferred_blas_library is an experimental feature. If you see any error or unexpected behavior when this flag is set please file an issue on GitHub. (function operator())
[W402 18:45:19.025342958 Context.cpp:534] Warning: torch.backends.cuda.preferred_blas_library is an experimental feature. If you see any error or unexpected behavior when this flag is set please file an issue on GitHub. (function operator())
[W402 18:45:19.025564790 Context.cpp:534] Warning: torch.backends.cuda.preferred_blas_library is an experimental feature. If you see any error or unexpected behavior when this flag is set please file an issue on GitHub. (function operator())
[W402 18:45:19.025658182 Context.cpp:534] Warning: torch.backends.cuda.preferred_blas_library is an experimental feature. If you see any error or unexpected behavior when this flag is set please file an issue on GitHub. (function operator())
[W402 18:45:19.025673797 Context.cpp:534] Warning: torch.backends.cuda.preferred_blas_library is an experimental feature. If you see any error or unexpected behavior when this flag is set please file an issue on GitHub. (function operator())
[W402 18:45:19.025697186 Context.cpp:534] Warning: torch.backends.cuda.preferred_blas_library is an experimental feature. If you see any error or unexpected behavior when this flag is set please file an issue on GitHub. (function operator())
[W402 18:45:19.046282793 Context.cpp:534] Warning: torch.backends.cuda.preferred_blas_library is an experimental feature. If you see any error or unexpected behavior when this flag is set please file an issue on GitHub. (function operator())
ddp_world_size=8 data_mode=parquet amp_bf16=False bucket_cap_mb=25.0 static_graph=off grad_accum_steps=4 learning_rate=0.001 bias_update_rate=0.001 gradient_checkpointing=(global=False, sanity=False)
step  global_ce  sanity_ce  |ce|  global_loss  sanity_loss  |loss|  logits_max  grad_max  param_max  opt_max  mismatched_selected
   0  12.091809  12.091809  0.000000    12.091944    12.091944  0.000000    0.000000         0          0        0       0
      mismatches_by_layer(local_rank0)=[0, 0, 0, 0]
   5   8.182122   8.182122  0.000000     8.182296     8.182296  0.000000    0.000000         0          0        0       0
      mismatches_by_layer(local_rank0)=[0, 0, 0, 0]
  10   8.043989   8.043989  0.000000     8.044153     8.044153  0.000000    0.000000         0          0        0       0
      mismatches_by_layer(local_rank0)=[0, 0, 0, 0]
  15   7.910251   7.910251  0.000000     7.910404     7.910404  0.000000    0.000000         0          0        0       0
      mismatches_by_layer(local_rank0)=[0, 0, 0, 0]
  20   7.978730   7.978730  0.000000     7.978879     7.978879  0.000000    0.000000         0          0        0       0
      mismatches_by_layer(local_rank0)=[0, 0, 0, 0]
  25   7.808304   7.808304  0.000000     7.808448     7.808448  0.000000    0.000000         0          0        0       0
      mismatches_by_layer(local_rank0)=[0, 0, 0, 0]
  29   7.786715   7.786715  0.000000     7.786856     7.786856  0.000000    0.000000         0          0        0       0
      mismatches_by_layer(local_rank0)=[0, 0, 0, 0]
summary max_ce_diff=0.000000@step-1 max_loss_diff=0.000000@step-1
