W0402 18:17:38.202000 296876 .venv/lib/python3.12/site-packages/torch/distributed/run.py:852] 
W0402 18:17:38.202000 296876 .venv/lib/python3.12/site-packages/torch/distributed/run.py:852] *****************************************
W0402 18:17:38.202000 296876 .venv/lib/python3.12/site-packages/torch/distributed/run.py:852] Setting OMP_NUM_THREADS environment variable for each process to be 1 in default, to avoid your system being overloaded, please further tune the variable for optimal performance in your application as needed. 
W0402 18:17:38.202000 296876 .venv/lib/python3.12/site-packages/torch/distributed/run.py:852] *****************************************
[W402 18:17:46.817209854 Context.cpp:534] Warning: torch.backends.cuda.preferred_blas_library is an experimental feature. If you see any error or unexpected behavior when this flag is set please file an issue on GitHub. (function operator())
[W402 18:17:46.817465502 Context.cpp:534] Warning: torch.backends.cuda.preferred_blas_library is an experimental feature. If you see any error or unexpected behavior when this flag is set please file an issue on GitHub. (function operator())
[W402 18:17:46.817556874 Context.cpp:534] Warning: torch.backends.cuda.preferred_blas_library is an experimental feature. If you see any error or unexpected behavior when this flag is set please file an issue on GitHub. (function operator())
[W402 18:17:46.817701344 Context.cpp:534] Warning: torch.backends.cuda.preferred_blas_library is an experimental feature. If you see any error or unexpected behavior when this flag is set please file an issue on GitHub. (function operator())
[W402 18:17:46.817820858 Context.cpp:534] Warning: torch.backends.cuda.preferred_blas_library is an experimental feature. If you see any error or unexpected behavior when this flag is set please file an issue on GitHub. (function operator())
[W402 18:17:46.818184276 Context.cpp:534] Warning: torch.backends.cuda.preferred_blas_library is an experimental feature. If you see any error or unexpected behavior when this flag is set please file an issue on GitHub. (function operator())
[W402 18:17:46.833553060 Context.cpp:534] Warning: torch.backends.cuda.preferred_blas_library is an experimental feature. If you see any error or unexpected behavior when this flag is set please file an issue on GitHub. (function operator())
[W402 18:17:46.902735245 Context.cpp:534] Warning: torch.backends.cuda.preferred_blas_library is an experimental feature. If you see any error or unexpected behavior when this flag is set please file an issue on GitHub. (function operator())
ddp_world_size=8 data_mode=parquet amp_bf16=True bucket_cap_mb=25.0 static_graph=off learning_rate=0.001 bias_update_rate=0.001 gradient_checkpointing=(global=False, sanity=False)
step  global_ce  sanity_ce  |ce|  global_loss  sanity_loss  |loss|  logits_max  grad_max  param_max  opt_max  mismatched_selected
   0  12.116816  12.116816  0.000000    12.116948    12.116948  0.000000    0.000000   9.7e-05      0.002  9.7e-06       0
      worst_grad=embed
      worst_param=embed
      worst_opt=embed:exp_avg
      mismatches_by_layer(local_rank0)=[0, 0, 0, 0]
  25   8.062149   8.039154  0.022995     8.062304     8.039308  0.022996    0.000000    0.0565      0.024    0.552  113928
      worst_grad=embed
      worst_param=layer0.mlp_gate_bias
      worst_opt=embed:exp_avg_sq
      mismatches_by_layer(local_rank0)=[4050, 2157, 3886, 4096]
  50   7.874933   7.929964  0.055031     7.875082     7.930105  0.055023    0.000000    0.0557      0.066    0.153  129800
      worst_grad=embed
      worst_param=layer0.mlp_gate_bias
      worst_opt=embed:exp_avg_sq
      mismatches_by_layer(local_rank0)=[4078, 4073, 4012, 4096]
  75   8.085498   7.845798  0.239699     8.085642     7.845938  0.239704    0.000000     0.324      0.096   0.0425  126995
      worst_grad=embed
      worst_param=layer0.mlp_gate_bias
      worst_opt=embed:exp_avg_sq
      mismatches_by_layer(local_rank0)=[4081, 3936, 3794, 4096]
 100   7.852163   7.716652  0.135511     7.852304     7.716788  0.135517    0.000000      0.13      0.146   0.0133  123687
      worst_grad=embed
      worst_param=layer0.mlp_gate_bias
      worst_opt=embed:exp_avg
      mismatches_by_layer(local_rank0)=[3339, 3968, 4095, 4096]
 125   7.772361   7.697123  0.075238     7.772510     7.697255  0.075254    0.000000     0.134      0.192   0.0224  127643
      worst_grad=embed
      worst_param=layer0.mlp_gate_bias
      worst_opt=embed:exp_avg
      mismatches_by_layer(local_rank0)=[3638, 4096, 4094, 4088]
 150   7.632412   7.525105  0.107307     7.632550     7.525233  0.107317    0.000000     0.142      0.194   0.0262  128943
      worst_grad=embed
      worst_param=layer0.mlp_gate_bias
      worst_opt=embed:exp_avg
      mismatches_by_layer(local_rank0)=[3963, 4005, 4072, 4093]
 175   7.600061   7.504018  0.096043     7.600188     7.504145  0.096044    0.000000     0.112      0.212    0.024  128184
      worst_grad=embed
      worst_param=layer0.mlp_gate_bias
      worst_opt=embed:exp_avg
      mismatches_by_layer(local_rank0)=[4033, 4020, 4058, 3928]
 200   7.547394   7.447066  0.100328     7.547515     7.447186  0.100329    0.000000     0.093      0.188   0.0111  129103
      worst_grad=embed
      worst_param=layer0.mlp_gate_bias
      worst_opt=embed:exp_avg
      mismatches_by_layer(local_rank0)=[4012, 3954, 4093, 4067]
 225   7.665102   7.601985  0.063117     7.665223     7.602099  0.063123    0.000000     0.069      0.218   0.0125  128594
      worst_grad=embed
      worst_param=layer3.o_proj
      worst_opt=embed:exp_avg
      mismatches_by_layer(local_rank0)=[4036, 3895, 4084, 4077]
 250   7.491306   7.408477  0.082829     7.491423     7.408589  0.082833    0.000000     0.171       0.24   0.0201  129075
      worst_grad=embed
      worst_param=layer3.o_proj
      worst_opt=embed:exp_avg
      mismatches_by_layer(local_rank0)=[4067, 3998, 4086, 3995]
 275   7.551465   7.515000  0.036464     7.551582     7.515114  0.036469    0.000000     0.142      0.275   0.0307  129753
      worst_grad=embed
      worst_param=layer3.o_proj
      worst_opt=embed:exp_avg
      mismatches_by_layer(local_rank0)=[4088, 4028, 4068, 4059]
 299   7.459359   7.385659  0.073700     7.459473     7.385770  0.073703    0.000000    0.0698      0.312    0.025  129733
      worst_grad=embed
      worst_param=layer3.o_proj
      worst_opt=embed:exp_avg
      mismatches_by_layer(local_rank0)=[4081, 3989, 4071, 4085]
summary max_ce_diff=4.398703@step12 max_loss_diff=4.398718@step12
