W0402 18:36:17.643000 334994 .venv/lib/python3.12/site-packages/torch/distributed/run.py:852] 
W0402 18:36:17.643000 334994 .venv/lib/python3.12/site-packages/torch/distributed/run.py:852] *****************************************
W0402 18:36:17.643000 334994 .venv/lib/python3.12/site-packages/torch/distributed/run.py:852] Setting OMP_NUM_THREADS environment variable for each process to be 1 in default, to avoid your system being overloaded, please further tune the variable for optimal performance in your application as needed. 
W0402 18:36:17.643000 334994 .venv/lib/python3.12/site-packages/torch/distributed/run.py:852] *****************************************
[W402 18:36:26.675563548 Context.cpp:534] Warning: torch.backends.cuda.preferred_blas_library is an experimental feature. If you see any error or unexpected behavior when this flag is set please file an issue on GitHub. (function operator())
[W402 18:36:26.675602983 Context.cpp:534] Warning: torch.backends.cuda.preferred_blas_library is an experimental feature. If you see any error or unexpected behavior when this flag is set please file an issue on GitHub. (function operator())
[W402 18:36:26.675699587 Context.cpp:534] Warning: torch.backends.cuda.preferred_blas_library is an experimental feature. If you see any error or unexpected behavior when this flag is set please file an issue on GitHub. (function operator())
[W402 18:36:26.675702221 Context.cpp:534] Warning: torch.backends.cuda.preferred_blas_library is an experimental feature. If you see any error or unexpected behavior when this flag is set please file an issue on GitHub. (function operator())
[W402 18:36:26.675832860 Context.cpp:534] Warning: torch.backends.cuda.preferred_blas_library is an experimental feature. If you see any error or unexpected behavior when this flag is set please file an issue on GitHub. (function operator())
[W402 18:36:26.676037354 Context.cpp:534] Warning: torch.backends.cuda.preferred_blas_library is an experimental feature. If you see any error or unexpected behavior when this flag is set please file an issue on GitHub. (function operator())
[W402 18:36:26.676208343 Context.cpp:534] Warning: torch.backends.cuda.preferred_blas_library is an experimental feature. If you see any error or unexpected behavior when this flag is set please file an issue on GitHub. (function operator())
[W402 18:36:26.700360614 Context.cpp:534] Warning: torch.backends.cuda.preferred_blas_library is an experimental feature. If you see any error or unexpected behavior when this flag is set please file an issue on GitHub. (function operator())
ddp_world_size=8 data_mode=parquet amp_bf16=True bucket_cap_mb=25.0 static_graph=off grad_accum_steps=4 learning_rate=0.001 bias_update_rate=0.001 gradient_checkpointing=(global=False, sanity=False)
step  global_ce  sanity_ce  |ce|  global_loss  sanity_loss  |loss|  logits_max  grad_max  param_max  opt_max  mismatched_selected
   0  12.092233  12.092233  0.000000    12.092365    12.092365  0.000000    0.000000  5.59e-05      0.002  5.59e-06       0
      worst_grad=embed
      worst_param=embed
      worst_opt=embed:exp_avg
      mismatches_by_layer(local_rank0)=[0, 0, 0, 0]
  10   8.034946   8.035138  0.000192     8.035110     8.035301  0.000191    0.000000     0.013     0.0118  0.00291   57612
      worst_grad=embed
      worst_param=mlp_gate_up
      worst_opt=embed:exp_avg
      mismatches_by_layer(local_rank0)=[2196, 2018, 0, 3072]
  20   7.974310   8.002127  0.027817     7.974463     8.002270  0.027807    0.000000    0.0638     0.0201    0.034  106100
      worst_grad=embed
      worst_param=layer1.mlp_gate_weight
      worst_opt=layer0.mlp_gate_weight:exp_avg
      mismatches_by_layer(local_rank0)=[3510, 2565, 3054, 3966]
  30   7.972460   7.895243  0.077217     7.972600     7.895384  0.077217    0.000000    0.0468       0.03   0.0143  102571
      worst_grad=embed
      worst_param=layer0.mlp_gate_bias
      worst_opt=embed:exp_avg
      mismatches_by_layer(local_rank0)=[3469, 1025, 4096, 4092]
  40   7.817053   7.799624  0.017429     7.817189     7.799765  0.017424    0.000000    0.0749      0.048  0.00836  128720
      worst_grad=embed
      worst_param=layer0.mlp_gate_bias
      worst_opt=embed:exp_avg
      mismatches_by_layer(local_rank0)=[3959, 4053, 4096, 4096]
  50   7.740412   7.726942  0.013470     7.740548     7.727083  0.013464    0.000000     0.084      0.068  0.00823  122480
      worst_grad=embed
      worst_param=layer0.mlp_gate_bias
      worst_opt=embed:exp_avg
      mismatches_by_layer(local_rank0)=[4035, 3869, 4095, 3452]
  60   7.731544   7.710804  0.020740     7.731680     7.710952  0.020728    0.000000    0.0996      0.086  0.00836  117967
      worst_grad=embed
      worst_param=layer0.mlp_gate_bias
      worst_opt=embed:exp_avg
      mismatches_by_layer(local_rank0)=[4094, 2557, 4094, 4096]
  70   7.924497   7.941294  0.016797     7.924631     7.941440  0.016809    0.000000    0.0679      0.106  0.00548  129935
      worst_grad=embed
      worst_param=layer0.mlp_gate_bias
      worst_opt=embed:exp_avg
      mismatches_by_layer(local_rank0)=[4037, 4091, 4066, 4096]
  80   7.798481   7.839269  0.040788     7.798612     7.839416  0.040803    0.000000    0.0564      0.126   0.0077  127207
      worst_grad=embed
      worst_param=layer0.mlp_gate_bias
      worst_opt=embed:exp_avg
      mismatches_by_layer(local_rank0)=[4003, 4096, 3597, 4096]
  90   7.864799   7.905570  0.040771     7.864927     7.905713  0.040785    0.000000     0.107       0.14   0.0096  125762
      worst_grad=embed
      worst_param=layer0.mlp_gate_bias
      worst_opt=embed:exp_avg
      mismatches_by_layer(local_rank0)=[4035, 4025, 3764, 4096]
  99   7.643840   7.703829  0.059988     7.643967     7.703969  0.060002    0.000000     0.113      0.148   0.0136  128828
      worst_grad=embed
      worst_param=layer0.mlp_gate_bias
      worst_opt=embed:exp_avg
      mismatches_by_layer(local_rank0)=[3904, 4089, 4045, 4096]
summary max_ce_diff=1.357561@step12 max_loss_diff=1.357558@step12
