W0402 18:44:18.737000 348055 .venv/lib/python3.12/site-packages/torch/distributed/run.py:852] 
W0402 18:44:18.737000 348055 .venv/lib/python3.12/site-packages/torch/distributed/run.py:852] *****************************************
W0402 18:44:18.737000 348055 .venv/lib/python3.12/site-packages/torch/distributed/run.py:852] Setting OMP_NUM_THREADS environment variable for each process to be 1 in default, to avoid your system being overloaded, please further tune the variable for optimal performance in your application as needed. 
W0402 18:44:18.737000 348055 .venv/lib/python3.12/site-packages/torch/distributed/run.py:852] *****************************************
[W402 18:44:27.852985412 Context.cpp:534] Warning: torch.backends.cuda.preferred_blas_library is an experimental feature. If you see any error or unexpected behavior when this flag is set please file an issue on GitHub. (function operator())
[W402 18:44:27.853035728 Context.cpp:534] Warning: torch.backends.cuda.preferred_blas_library is an experimental feature. If you see any error or unexpected behavior when this flag is set please file an issue on GitHub. (function operator())
[W402 18:44:27.853043397 Context.cpp:534] Warning: torch.backends.cuda.preferred_blas_library is an experimental feature. If you see any error or unexpected behavior when this flag is set please file an issue on GitHub. (function operator())
[W402 18:44:27.853144380 Context.cpp:534] Warning: torch.backends.cuda.preferred_blas_library is an experimental feature. If you see any error or unexpected behavior when this flag is set please file an issue on GitHub. (function operator())
[W402 18:44:27.853303334 Context.cpp:534] Warning: torch.backends.cuda.preferred_blas_library is an experimental feature. If you see any error or unexpected behavior when this flag is set please file an issue on GitHub. (function operator())
[W402 18:44:27.853347699 Context.cpp:534] Warning: torch.backends.cuda.preferred_blas_library is an experimental feature. If you see any error or unexpected behavior when this flag is set please file an issue on GitHub. (function operator())
[W402 18:44:27.853356348 Context.cpp:534] Warning: torch.backends.cuda.preferred_blas_library is an experimental feature. If you see any error or unexpected behavior when this flag is set please file an issue on GitHub. (function operator())
[W402 18:44:27.882779360 Context.cpp:534] Warning: torch.backends.cuda.preferred_blas_library is an experimental feature. If you see any error or unexpected behavior when this flag is set please file an issue on GitHub. (function operator())
ddp_world_size=8 data_mode=parquet amp_bf16=False bucket_cap_mb=25.0 static_graph=off grad_accum_steps=1 learning_rate=0.001 bias_update_rate=0.001 gradient_checkpointing=(global=True, sanity=True)
step  global_ce  sanity_ce  |ce|  global_loss  sanity_loss  |loss|  logits_max  grad_max  param_max  opt_max  mismatched_selected
`use_cache=True` is incompatible with gradient checkpointing. Setting `use_cache=False`.
`use_cache=True` is incompatible with gradient checkpointing. Setting `use_cache=False`.
`use_cache=True` is incompatible with gradient checkpointing. Setting `use_cache=False`.
`use_cache=True` is incompatible with gradient checkpointing. Setting `use_cache=False`.
`use_cache=True` is incompatible with gradient checkpointing. Setting `use_cache=False`.
`use_cache=True` is incompatible with gradient checkpointing. Setting `use_cache=False`.
`use_cache=True` is incompatible with gradient checkpointing. Setting `use_cache=False`.
`use_cache=True` is incompatible with gradient checkpointing. Setting `use_cache=False`.
   0  12.117275  12.117275  0.000000    12.117407    12.117407  0.000000    0.000000         0          0        0       0
      mismatches_by_layer(local_rank0)=[0, 0, 0, 0]
   5   8.501453   8.501453  0.000000     8.501627     8.501627  0.000000    0.000000         0          0        0       0
      mismatches_by_layer(local_rank0)=[0, 0, 0, 0]
  10   8.161695   8.161695  0.000000     8.161861     8.161861  0.000000    0.000000         0          0        0       0
      mismatches_by_layer(local_rank0)=[0, 0, 0, 0]
  15   7.902905   7.902905  0.000000     7.903066     7.903066  0.000000    0.000000         0          0        0       0
      mismatches_by_layer(local_rank0)=[0, 0, 0, 0]
  20   8.181284   8.181284  0.000000     8.181442     8.181442  0.000000    0.000000         0          0        0       0
      mismatches_by_layer(local_rank0)=[0, 0, 0, 0]
  25   8.044928   8.044928  0.000000     8.045079     8.045079  0.000000    0.000000         0          0        0       0
      mismatches_by_layer(local_rank0)=[0, 0, 0, 0]
  29   7.890445   7.890445  0.000000     7.890595     7.890595  0.000000    0.000000         0          0        0       0
      mismatches_by_layer(local_rank0)=[0, 0, 0, 0]
summary max_ce_diff=0.000000@step-1 max_loss_diff=0.000000@step-1
