W0402 18:32:56.837000 327128 .venv/lib/python3.12/site-packages/torch/distributed/run.py:852] 
W0402 18:32:56.837000 327128 .venv/lib/python3.12/site-packages/torch/distributed/run.py:852] *****************************************
W0402 18:32:56.837000 327128 .venv/lib/python3.12/site-packages/torch/distributed/run.py:852] Setting OMP_NUM_THREADS environment variable for each process to be 1 in default, to avoid your system being overloaded, please further tune the variable for optimal performance in your application as needed. 
W0402 18:32:56.837000 327128 .venv/lib/python3.12/site-packages/torch/distributed/run.py:852] *****************************************
[W402 18:33:05.800833261 Context.cpp:534] Warning: torch.backends.cuda.preferred_blas_library is an experimental feature. If you see any error or unexpected behavior when this flag is set please file an issue on GitHub. (function operator())
[W402 18:33:05.800892299 Context.cpp:534] Warning: torch.backends.cuda.preferred_blas_library is an experimental feature. If you see any error or unexpected behavior when this flag is set please file an issue on GitHub. (function operator())
[W402 18:33:05.800953818 Context.cpp:534] Warning: torch.backends.cuda.preferred_blas_library is an experimental feature. If you see any error or unexpected behavior when this flag is set please file an issue on GitHub. (function operator())
[W402 18:33:05.800961840 Context.cpp:534] Warning: torch.backends.cuda.preferred_blas_library is an experimental feature. If you see any error or unexpected behavior when this flag is set please file an issue on GitHub. (function operator())
[W402 18:33:05.800980405 Context.cpp:534] Warning: torch.backends.cuda.preferred_blas_library is an experimental feature. If you see any error or unexpected behavior when this flag is set please file an issue on GitHub. (function operator())
[W402 18:33:05.801072961 Context.cpp:534] Warning: torch.backends.cuda.preferred_blas_library is an experimental feature. If you see any error or unexpected behavior when this flag is set please file an issue on GitHub. (function operator())
[W402 18:33:05.801104661 Context.cpp:534] Warning: torch.backends.cuda.preferred_blas_library is an experimental feature. If you see any error or unexpected behavior when this flag is set please file an issue on GitHub. (function operator())
[W402 18:33:05.810408258 Context.cpp:534] Warning: torch.backends.cuda.preferred_blas_library is an experimental feature. If you see any error or unexpected behavior when this flag is set please file an issue on GitHub. (function operator())
ddp_world_size=8 data_mode=parquet amp_bf16=True bucket_cap_mb=25.0 static_graph=off learning_rate=0.001 bias_update_rate=0.001 gradient_checkpointing=(global=False, sanity=False)
step  global_ce  sanity_ce  |ce|  global_loss  sanity_loss  |loss|  logits_max  grad_max  param_max  opt_max  mismatched_selected
   0  12.092232  12.092232  0.000000    12.092365    12.092365  0.000000    0.000000  4.62e-05      0.002  4.62e-06       0
      worst_grad=embed
      worst_param=embed
      worst_opt=embed:exp_avg
      mismatches_by_layer(local_rank0)=[0, 0, 0, 0]
  10   8.045852   8.032650  0.013202     8.046018     8.032812  0.013206    0.000000    0.0572     0.0113   0.0176  289669
      worst_grad=embed
      worst_param=mlp_gate_up
      worst_opt=embed:exp_avg
      mismatches_by_layer(local_rank0)=[11533, 10818, 5795, 8271]
  20   7.962571   7.959072  0.003500     7.962714     7.959223  0.003491    0.000000     0.066      0.028   0.0379  358308
      worst_grad=embed
      worst_param=layer0.mlp_gate_bias
      worst_opt=embed:exp_avg
      mismatches_by_layer(local_rank0)=[12527, 11872, 10025, 10165]
  30   7.896827   7.890242  0.006585     7.896962     7.890385  0.006577    0.000000     0.066      0.048   0.0154  515160
      worst_grad=embed
      worst_param=layer0.mlp_gate_bias
      worst_opt=embed:exp_avg_sq
      mismatches_by_layer(local_rank0)=[16379, 15573, 16321, 16228]
  40   7.773086   7.774189  0.001103     7.773221     7.774327  0.001107    0.000000    0.0243      0.054  0.00923  445423
      worst_grad=embed
      worst_param=layer0.mlp_gate_bias
      worst_opt=embed:exp_avg_sq
      mismatches_by_layer(local_rank0)=[16197, 14167, 16383, 8856]
  50   7.664126   7.707424  0.043298     7.664263     7.707564  0.043301    0.000000     0.122      0.072  0.00861  486947
      worst_grad=embed
      worst_param=layer0.mlp_gate_bias
      worst_opt=embed:exp_avg
      mismatches_by_layer(local_rank0)=[15103, 14180, 16257, 14810]
  60   7.650821   7.725313  0.074492     7.650961     7.725454  0.074493    0.000000    0.0569      0.074   0.0149  514560
      worst_grad=embed
      worst_param=layer0.mlp_gate_bias
      worst_opt=embed:exp_avg
      mismatches_by_layer(local_rank0)=[16304, 16349, 16205, 15509]
  70   7.829487   7.939620  0.110133     7.829625     7.939763  0.110137    0.000000    0.0859      0.074   0.0108  503878
      worst_grad=embed
      worst_param=layer0.mlp_gate_bias
      worst_opt=embed:exp_avg
      mismatches_by_layer(local_rank0)=[16368, 16346, 16384, 13953]
  80   7.698211   7.871259  0.173048     7.698349     7.871401  0.173052    0.000000     0.118     0.0798   0.0164  515926
      worst_grad=embed
      worst_param=mlp_down
      worst_opt=embed:exp_avg
      mismatches_by_layer(local_rank0)=[15360, 16381, 16383, 16366]
  90   7.771198   7.905025  0.133827     7.771334     7.905165  0.133831    0.000000     0.229     0.0833   0.0281  516357
      worst_grad=embed
      worst_param=mlp_down
      worst_opt=embed:exp_avg
      mismatches_by_layer(local_rank0)=[16379, 15970, 16384, 15930]
  99   7.497677   7.730058  0.232381     7.497812     7.730195  0.232383    0.000000     0.154     0.0909   0.0142  516565
      worst_grad=embed
      worst_param=mlp_down
      worst_opt=embed:exp_avg
      mismatches_by_layer(local_rank0)=[16349, 15616, 16384, 16222]
summary max_ce_diff=11.774851@step12 max_loss_diff=11.774869@step12
